// Jest Snapshot v1, https://goo.gl/fbAQLP

exports[`Footer component displays footer 1`] = `
<div>
  <p>
    Created by Doug Riblet | 
    <a
      href="https://github.com/smashzen"
    >
      github.com/smashzen
    </a>
  </p>
</div>
`;
