// Jest Snapshot v1, https://goo.gl/fbAQLP

exports[`Header component displays header 1`] = `
<div>
  <h2>
    Conway's Game of Life
  </h2>
</div>
`;
